--- System Status: Wed Jul 29 17:50:01 IST 2026 ---
Disk Usage: 
Filesystem      Size  Used Avail Use% Mounted on
/dev/sda1       3.9G  2.5G  1.3G  66% /
Memory Usage: 
               total        used        free      shared  buff/cache   available
Mem:           943Mi       360Mi        65Mi       1.1Mi       598Mi       583Mi
Swap:             0B          0B          0B
---------------------------------

--- System Status: Wed Jul 29 17:51:01 IST 2026 ---
Disk Usage: 
Filesystem      Size  Used Avail Use% Mounted on
/dev/sda1       3.9G  2.5G  1.3G  66% /
Memory Usage: 
               total        used        free      shared  buff/cache   available
Mem:           943Mi       358Mi       148Mi       1.1Mi       516Mi       584Mi
Swap:             0B          0B          0B
---------------------------------

--- System Status: Wed Jul 29 17:52:01 IST 2026 ---
Disk Usage: 
Filesystem      Size  Used Avail Use% Mounted on
/dev/sda1       3.9G  2.5G  1.3G  66% /
Memory Usage: 
               total        used        free      shared  buff/cache   available
Mem:           943Mi       371Mi       128Mi       1.1Mi       523Mi       571Mi
Swap:             0B          0B          0B
---------------------------------

--- System Status: Wed Jul 29 17:53:01 IST 2026 ---
Disk Usage: 
Filesystem      Size  Used Avail Use% Mounted on
/dev/sda1       3.9G  2.5G  1.3G  66% /
Memory Usage: 
               total        used        free      shared  buff/cache   available
Mem:           943Mi       396Mi        99Mi       1.1Mi       527Mi       546Mi
Swap:             0B          0B          0B
---------------------------------

--- System Status: Wed Jul 29 17:54:01 IST 2026 ---
Disk Usage: 
Filesystem      Size  Used Avail Use% Mounted on
/dev/sda1       3.9G  2.6G  1.3G  67% /
Memory Usage: 
               total        used        free      shared  buff/cache   available
Mem:           943Mi       361Mi       177Mi       1.1Mi       487Mi       581Mi
Swap:             0B          0B          0B
---------------------------------

--- System Status: Wed Jul 29 17:55:01 IST 2026 ---
Disk Usage: 
Filesystem      Size  Used Avail Use% Mounted on
/dev/sda1       3.9G  2.6G  1.3G  67% /
Memory Usage: 
               total        used        free      shared  buff/cache   available
Mem:           943Mi       384Mi       154Mi       1.1Mi       487Mi       558Mi
Swap:             0B          0B          0B
---------------------------------

